lane-dev: /home/deck/.code/theprototype-app/theprototype-lane-36-games-graphs on port 5336 (pgid 1541623); stops after 15 min unused; log /home/deck/.local/state/lane-dev/5336/log
A id: f84c0
B id: e1ce1
PASS A: the rules behaviour runs
PASS B: the rules behaviour loaded on the joiner too
PASS one authority runs the handlers (B)
PASS the non-authority sees the start menu
PASS the other peer's press ran the rules on the authority (hole 1)
PASS the rules state replicated back (the other peer reads hole 1)
PASS the other peer's HUD shows the rules' words
PASS the authority's HUD too
PASS premise: the ball is on the other peer's screen (CANVAS)
PASS the other peer's putt reached the rules: one stroke
PASS and the stroke replicated back
PASS the other peer's HUD says Strokes 1
PASS a rules edit on the other peer reloads the rules on the authority (shot power 4.5)
PASS the hole in play carried on through the reload
ALL PASS
lane-dev: stopped /home/deck/.code/theprototype-app/theprototype-lane-36-games-graphs on port 5336
EXIT 0
