lane-dev: /home/deck/.code/theprototype-app/theprototype-lane-36-games-graphs on port 5336 (pgid 1392119); stops after 15 min unused; log /home/deck/.local/state/lane-dev/5336/log
A id: e28cc
PASS the marker that wakes the minigolf module is in the scene
PASS six holes: greens, cups, putters, ramp, windmill, wall, sand, hump, the ball (all present)
PASS the ball and six putters are dynamic (Putter 1, Putter 2, Putter 3, Putter 4, Putter 5, Putter 6, Golf ball)
PASS play block: simOnPlay, a FREE cursor ({"interaction":"grab","grounded":false,"simOnPlay":true,"cursor":"free","locomotion":{"teleport":true},"spawn":{"position":[-12.5,0,6.4],"yaw":0}})
PASS starts on the start menu (menu/menu)
PASS the core minigolf module (the engine) is awake
PASS Main holds the rules behaviour ({"id":"rules","name":"Mini Golf rules","main":1,"lines":303})
PASS Main has groups (Hole feedback, Scorecard & HUD, Course & world), 6 notes and a link to the engine's code
PASS the rules behaviour is running
PASS the golf engine piece is lent to the rules, which listen to it ({"restart":1,"putt":1,"club":1,"moved":1,"rolling":1,"stopped":1})
PASS entering Play starts the simulation
PASS the start menu renders in Play
PASS the menu says how to putt on a desktop and in VR
PASS Tee off (wired into the rules) starts the round on hole 1
PASS the HUD: hole, par, strokes
PASS the ball sits on hole 1 tee
PASS the player stands behind the tee (-12.5,1.61,6.4)
PASS premise: the ball's pixel is the canvas (CANVAS at 640,622)
PASS dragging back shows the aim arrow ({"visible":true,"len":0.5110178273354709})
PASS letting go putts: one stroke
PASS the ball rolled AWAY from the drag, up the lane (z 3.64)
PASS hole 1 is sunk and scored
PASS after the cup, hole 2 (hole 1 took 3)
PASS the ball is on hole 2 tee
PASS the HUD moved on and carries the total
PASS the player was teleported to hole 2 tee (x -7.50)
PASS a ball over the rail is out of bounds
PASS +1 penalty and the ball is back on its lane (strokes 2, x -7.50)
PASS draw calls in Play <= 150 (133)
PASS no editor grid in Play
PASS hole 2 scored 3, on to hole 3
PASS hole 3 scored 3, on to hole 4
PASS hole 4 scored 3, on to hole 5
PASS hole 5 scored 3, on to hole 6
PASS after hole 6 the round is over
PASS the scorecard lists all six holes
PASS the round is saved as this device's best (Store Value min → the script's words)
PASS the total became the kit score through the graph's Kit node (16)
PASS Menu goes back to the start menu
PASS the Levels page lists the six holes (1 · Straight (par 2) | 2 · The ramp (par 3) | 3 · Windmill (par 3) | 4 · Bank shot (par 3) | 5 · Sand trap (par 3) | 6 · The hump (par 3))
PASS picking hole 4 starts a round there
PASS the ball waits on hole 4 tee
PASS the shell Restart starts a fresh round on hole 1
PASS premise: a full-drag putt at the stock shot power runs ~7 m/s (6.82)
PASS the rules node shows Shot power in its properties panel
PASS the knob rewrote the literal in the rules source (shotPower: 3)
PASS double-click opens the rules in the code workspace
PASS Ctrl+S saved the code onto the node (hole 1 is par 4)
PASS the edited rules reloaded and run
PASS Play: hole 1 now says Par 4 (the code change)
PASS Play: the same full-drag putt now runs ~3 m/s (the graph change; 2.94 vs 6.82)
PASS after a save and a reload the rules keep shot power 3 and par 4
PASS the reloaded rules run
PASS Play again after the reload
PASS Play after the reload: hole 1 is still par 4
PASS Play after the reload: the putt still runs ~3 m/s (2.94)
PASS a VR session on Mini Golf lands in Interact (interact)
PASS VR: the round starts on hole 1 with the simulation running
PASS VR: the grip holds the putter (9b0413cc-312e-4f43-915c-ed24230bd48a)
PASS VR: swinging the held putter through the ball is a stroke
PASS VR: the ball went up the lane (z 4.40 -> 2.12)
ALL PASS
lane-dev: stopped /home/deck/.code/theprototype-app/theprototype-lane-36-games-graphs on port 5336
EXIT 0
